Genesis { chain_name: "®\u{84}\u{85}1§\u{fff5}ﵵ", timestamp: Timestamp(17890917615359960004), network_version: NetworkVersion(21), base_fee: TokenAmount(219611293840625677995.784864938840325676), power_scale: 3, validators: [Validator { public_key: ValidatorKey(PublicKey(Affine { x: Field { n: [53072617, 6957212, 8779936, 29490947, 58241687, 20832531, 35902254, 17940572, 51699562, 1231365], magnitude: 1, normalized: true }, y: Field { n: [19641450, 7025297, 19498248, 27807845, 9937454, 2683360, 44814071, 34279192, 47096707, 3079839], magnitude: 1, normalized: true }, infinity: false })), power: GenesisPower { collateral: TokenAmount(77681993276036954779.031474394313615118), federated_power: TokenAmount(125819552515131367120.189241396094611834) } }, Validator { public_key: ValidatorKey(PublicKey(Affine { x: Field { n: [38412577, 2308446, 43172265, 32759356, 49682540, 60678706, 26525408, 1694457, 27060667, 3705933], magnitude: 1, normalized: true }, y: Field { n: [66073362, 59979094, 12990424, 10049157, 3687537, 24588662, 44242490, 2124166, 65799736, 3856890], magnitude: 1, normalized: true }, infinity: false })), power: GenesisPower { collateral: TokenAmount(146030021394755705744.420405090134535352), federated_power: TokenAmount(18908102064402745503.750052187232728039) } }], accounts: [Actor { meta: Account(Account { owner: SignerAddr(Address("f410fnj6aa7gmmk46mpgqssrga7j4ep3wz5qwi5wepna")) }), balance: TokenAmount(336747131267484045464.606157827461753406) }, Actor { meta: Multisig(Multisig { signers: [SignerAddr(Address("f1u2irljveluuatsrnao7neisbdhj5jhpuftewo7y")), SignerAddr(Address("f1mby7ennmyqy7uc4xnqwlatdonbzy55zvuhoiioa")), SignerAddr(Address("f133masozraaxf7yuy47x42xzvui7wo65kibckzia")), SignerAddr(Address("f1uzqtwzxda7dgcya6yu6iuehcpv2uw27ixmbnkfa"))], threshold: 3, vesting_duration: 11947142903494842258, vesting_start: 9225566633655872462 }), balance: TokenAmount(267286924697887124063.39871979546238301) }, Actor { meta: Account(Account { owner: SignerAddr(Address("f1wyog7rjojf7swm6re5tazzf36qed6dkeabajcza")) }), balance: TokenAmount(340282366920938463455.836695196769946487) }, Actor { meta: Multisig(Multisig { signers: [SignerAddr(Address("f12dtgurmzkhmoaawzivjx3znxd4dx34giao4vq6y")), SignerAddr(Address("f1qkhzbcbgzmek5xlx4wr25v6u5lifu6wwxuspzvi")), SignerAddr(Address("f1cvwib576wav6efl22yfrf7h4h6vnyrmc2vgxtxq")), SignerAddr(Address("f1vvtgozguhdctixmq64yszq5zeph3ehzypei5zeq"))], threshold: 4, vesting_duration: 12655984749378553585, vesting_start: 8279037084220377686 }), balance: TokenAmount(64381388126659090852.441932536556520201) }, Actor { meta: Multisig(Multisig { signers: [SignerAddr(Address("f1vivmajn5pzerer7slhwfjwkpkqjmva4wgndnzby")), SignerAddr(Address("f1zbxnmggr67vfjo2ej7oyxlrlf6ty4fxyehyy6hq")), SignerAddr(Address("f1l5n23vgd4vxvf7p35vl74y6zjwowfzjpd3vwj5y")), SignerAddr(Address("f1rpgkpclmwpzgkwpe5alkvtoemyl76ozokq2n4py"))], threshold: 2, vesting_duration: 3262541692806752225, vesting_start: 9794300074100043912 }), balance: TokenAmount(134995825331421592758.678260295979684555) }, Actor { meta: Account(Account { owner: SignerAddr(Address("f1tgvczadwqdnybdqatvq73utofutnk2oxqdw6aaa")) }), balance: TokenAmount(250733191951467453118.513112674925585223) }, Actor { meta: Account(Account { owner: SignerAddr(Address("f1qc5zvwsclv5cayp5imtpwyqil5oyybe6cg3aaqa")) }), balance: TokenAmount(8858012916526357991.479985005383682837) }, Actor { meta: Account(Account { owner: SignerAddr(Address("f410fjf2el4y6pbae3whlg4kld44uznzbrozmzhupoua")) }), balance: TokenAmount(315790473556630799078.643001519232535338) }], eam_permission_mode: Unrestricted, ipc: None }