{
  "chain_name": "®1§￵ﵵ",
  "timestamp": 17890917615359960004,
  "network_version": 21,
  "base_fee": "219611293840625677995784864938840325676",
  "power_scale": 3,
  "validators": [
    {
      "public_key": "BEsoFxTfakRwFyI9MuT3hE94spdwf8DIX4oBqKJzKdLpu/p+zqODgsPGKrzvcKPHgJeiLmoUGVKYUIGsykUrtGo=",
      "power": {
        "collateral": "77681993276036954779031474394313615118",
        "federated_power": "125819552515131367120189241396094611834"
      }
    },
    {
      "public_key": "BOIxNZzpuwZ2vllL7g53iMr2GGx8948pLBqQjOV6SiEh62fr7AY4CBphqjFjpdzF2DhEcSZVoUxjfY5M1VvwMxI=",
      "power": {
        "collateral": "146030021394755705744420405090134535352",
        "federated_power": "18908102064402745503750052187232728039"
      }
    }
  ],
  "accounts": [
    {
      "meta": {
        "Account": {
          "owner": "f410fnj6aa7gmmk46mpgqssrga7j4ep3wz5qwi5wepna"
        }
      },
      "balance": "336747131267484045464606157827461753406"
    },
    {
      "meta": {
        "Multisig": {
          "signers": [
            "f1u2irljveluuatsrnao7neisbdhj5jhpuftewo7y",
            "f1mby7ennmyqy7uc4xnqwlatdonbzy55zvuhoiioa",
            "f133masozraaxf7yuy47x42xzvui7wo65kibckzia",
            "f1uzqtwzxda7dgcya6yu6iuehcpv2uw27ixmbnkfa"
          ],
          "threshold": 3,
          "vesting_duration": 11947142903494842258,
          "vesting_start": 9225566633655872462
        }
      },
      "balance": "267286924697887124063398719795462383010"
    },
    {
      "meta": {
        "Account": {
          "owner": "f1wyog7rjojf7swm6re5tazzf36qed6dkeabajcza"
        }
      },
      "balance": "340282366920938463455836695196769946487"
    },
    {
      "meta": {
        "Multisig": {
          "signers": [
            "f12dtgurmzkhmoaawzivjx3znxd4dx34giao4vq6y",
            "f1qkhzbcbgzmek5xlx4wr25v6u5lifu6wwxuspzvi",
            "f1cvwib576wav6efl22yfrf7h4h6vnyrmc2vgxtxq",
            "f1vvtgozguhdctixmq64yszq5zeph3ehzypei5zeq"
          ],
          "threshold": 4,
          "vesting_duration": 12655984749378553585,
          "vesting_start": 8279037084220377686
        }
      },
      "balance": "64381388126659090852441932536556520201"
    },
    {
      "meta": {
        "Multisig": {
          "signers": [
            "f1vivmajn5pzerer7slhwfjwkpkqjmva4wgndnzby",
            "f1zbxnmggr67vfjo2ej7oyxlrlf6ty4fxyehyy6hq",
            "f1l5n23vgd4vxvf7p35vl74y6zjwowfzjpd3vwj5y",
            "f1rpgkpclmwpzgkwpe5alkvtoemyl76ozokq2n4py"
          ],
          "threshold": 2,
          "vesting_duration": 3262541692806752225,
          "vesting_start": 9794300074100043912
        }
      },
      "balance": "134995825331421592758678260295979684555"
    },
    {
      "meta": {
        "Account": {
          "owner": "f1tgvczadwqdnybdqatvq73utofutnk2oxqdw6aaa"
        }
      },
      "balance": "250733191951467453118513112674925585223"
    },
    {
      "meta": {
        "Account": {
          "owner": "f1qc5zvwsclv5cayp5imtpwyqil5oyybe6cg3aaqa"
        }
      },
      "balance": "8858012916526357991479985005383682837"
    },
    {
      "meta": {
        "Account": {
          "owner": "f410fjf2el4y6pbae3whlg4kld44uznzbrozmzhupoua"
        }
      },
      "balance": "315790473556630799078643001519232535338"
    }
  ],
  "eam_permission_mode": {
    "mode": "unrestricted"
  }
}