Genesis { chain_name: " SH\u{7f}5|", timestamp: Timestamp(10520900269471230549), network_version: NetworkVersion(21), base_fee: TokenAmount(24606367032961828376.455539334323966121), power_scale: -1, validators: [Validator { public_key: ValidatorKey(PublicKey(Affine { x: Field { n: [55209515, 56002346, 33608557, 25922605, 27162816, 14246366, 42483500, 9967136, 65454278, 2577984], magnitude: 1, normalized: true }, y: Field { n: [1567693, 10591212, 66094731, 37427278, 3499736, 8271057, 20337152, 33709299, 66773600, 1313221], magnitude: 1, normalized: true }, infinity: false })), power: GenesisPower { collateral: TokenAmount(315945656550809561059.164174190540946486), federated_power: TokenAmount(19.073404036472987404) } }], accounts: [], eam_permission_mode: Unrestricted, ipc: None }